// Jest Snapshot v1, https://goo.gl/fbAQLP

exports[`ManageTeam component renders without error 1`] = `
<Fragment>
  <Header />
  <main
    role="main"
  >
    <section
      className="ManageTeam"
    >
      <div
        className="ManageTeam__wrapper"
      >
        <div
          className="ManageTeam__header"
        >
          <h2 />
        </div>
        <ManageTeamList
          canModify={false}
        />
        <Link
          className="ManageTeam__addTeamMember"
          to="/teams/0c36af8f-4b3b-4f7ee-9491-c3d6396f1136/add-team-member"
        >
          Add Team Member
        </Link>
      </div>
    </section>
  </main>
</Fragment>
`;
