// Jest Snapshot v1, https://goo.gl/fbAQLP

exports[`AddTeamMember component renders without error 1`] = `
<Fragment>
  <Header />
  <main
    role="main"
  >
    <section
      className="AddTeamMember"
    >
      <div
        className="AddTeamMember__wrapper"
      >
        <Form
          id="AddTeamMember"
          onSubmit={[Function]}
        >
          <div
            className="Form__header"
          >
            <h2>
              Add Team Member
            </h2>
          </div>
          <div
            className="Form__body"
          >
            <p>
              Add a registered Retrio user
              .
            </p>
            <FormField
              id="email"
              isRequired={true}
              label="Email"
              onChange={[Function]}
              type="email"
              value=""
            />
            <div
              className="Form__controls"
            >
              <button
                className="Form__button secondary"
                onClick={[Function]}
                type="button"
              >
                Cancel
              </button>
              <button
                className="Form__button primary"
                type="submit"
              >
                Add Team Member
              </button>
            </div>
          </div>
        </Form>
      </div>
    </section>
  </main>
</Fragment>
`;
