// Jest Snapshot v1, https://goo.gl/fbAQLP

exports[`RetroBoardCard component renders without error 1`] = `
<li
  className="RetroBoardCard"
>
  <div
    className="RetroBoardCard__text --no-headline"
  >
    <pre />
    <div
      className="RetroBoardCard__control"
    >
      <button
        onBlur={[Function]}
        onClick={[Function]}
      >
        ⋮
      </button>
      <Menu
        visible={false}
      />
    </div>
  </div>
  <div
    className="RetroBoardCard__creator"
  >
    Submitted by 
    <strong />
  </div>
</li>
`;
