// Jest Snapshot v1, https://goo.gl/fbAQLP

exports[`EditBoard component renders without error 1`] = `
<Fragment>
  <Header />
  <main
    role="main"
  >
    <section
      className="EditBoard"
    >
      <div
        className="EditBoard__wrapper"
      >
        <Form
          id="EditBoard"
          onSubmit={[Function]}
        >
          <div
            className="Form__header"
          >
            <h2>
              Edit Board
            </h2>
          </div>
          <div
            className="Form__body"
          >
            <p>
              Make changes to the Retrio board.
            </p>
            <div
              className="FormField"
            >
              <label
                className="FormField__label"
                htmlFor=""
              >
                Team
                <span
                  className="FormField__required"
                >
                  *
                </span>
              </label>
              <div
                className="FormField__select"
              >
                <select
                  id="team"
                  onChange={[Function]}
                  required={true}
                  value=""
                >
                  <option
                    value=""
                  >
                    Select Team
                  </option>
                </select>
              </div>
            </div>
            <FormField
              id="boardName"
              isRequired={true}
              label="Board Name"
              onChange={[Function]}
              type="text"
              value=""
            />
            <div
              className="Form__controls"
            >
              <button
                className="Form__button secondary"
                onClick={[Function]}
                type="button"
              >
                Cancel
              </button>
              <button
                className="Form__button primary"
                type="submit"
              >
                Edit Board
              </button>
            </div>
          </div>
        </Form>
      </div>
    </section>
  </main>
</Fragment>
`;
