// Jest Snapshot v1, https://goo.gl/fbAQLP

exports[`RetroBoard component renders without error 1`] = `
<Fragment>
  <Header
    fullWidth={true}
  />
  <main
    role="main"
  >
    <section
      className="RetroBoard"
    >
      <ul
        className="RetroBoard__board"
      />
    </section>
  </main>
</Fragment>
`;
