// Jest Snapshot v1, https://goo.gl/fbAQLP

exports[`Header component renders without error 1`] = `
<header
  className="Header "
  role="banner"
>
  <div
    className="Header__wrapper"
  >
    <h1
      className="Header__title"
    >
      <Link
        to="/"
      >
        <img
          alt="Retrio logo"
          src="retrio-logo.svg"
        />
        <span>
          Retrio
        </span>
      </Link>
    </h1>
    <h3
      className="Header__subTitle"
    />
    <nav
      className="Nav"
      role="navigation"
    >
      <ul>
        <li>
          <Link
            className="Header__button primary"
            to="/sign-up"
          >
            Sign Up
          </Link>
        </li>
        <li>
          <Link
            className="Header__button primary"
            to="/sign-in"
          >
            Sign In
          </Link>
        </li>
      </ul>
    </nav>
  </div>
</header>
`;
