// Jest Snapshot v1, https://goo.gl/fbAQLP

exports[`EditCard component renders without error 1`] = `
<Fragment>
  <Header />
  <main
    role="main"
  >
    <section
      className="EditCard"
    >
      <div
        className="EditCard__wrapper"
      >
        <Form
          id="EditCard"
          onSubmit={[Function]}
        >
          <div
            className="Form__header"
          >
            <h2>
              Edit Card
            </h2>
          </div>
          <div
            className="Form__body"
          >
            <p>
              Edit the following card in the
               
               
              retrospective.
            </p>
            <div
              className="FormField"
            >
              <label
                className="FormField__label"
                htmlFor="category"
              >
                Category
                <span
                  className="FormField__required"
                >
                  *
                </span>
              </label>
              <div
                className="FormField__select"
              >
                <select
                  id="category"
                  onChange={[Function]}
                  required={true}
                  value=""
                >
                  <option
                    value=""
                  >
                    Select Category
                  </option>
                </select>
              </div>
            </div>
            <FormField
              id="headline"
              isRequired={false}
              label="Headline"
              onChange={[Function]}
              type="text"
              value=""
            />
            <div
              className="FormField"
            >
              <label
                className="FormField__label"
                htmlFor="text"
              >
                Text
                <span
                  className="FormField__required"
                >
                  *
                </span>
              </label>
              <textarea
                className="FormField__textarea"
                id="text"
                onChange={[Function]}
                rows="8"
                value=""
              />
            </div>
            <div
              className="Form__controls"
            >
              <button
                className="Form__button secondary"
                onClick={[Function]}
                type="button"
              >
                Cancel
              </button>
              <button
                className="Form__button primary"
                type="submit"
              >
                Edit Card
              </button>
            </div>
          </div>
        </Form>
      </div>
    </section>
  </main>
</Fragment>
`;
