// Jest Snapshot v1, https://goo.gl/fbAQLP

exports[`ManageTeamItem component renders without error 1`] = `
<li
  className="ManageTeamItem"
>
  <div
    className="ManageTeamItem__info"
  >
    <h3
      className="ManageTeamItem__name"
    />
    <div
      className="ManageTeamItem__email"
    />
    <div
      className="ManageTeamItem__role"
    >
      Contributor
    </div>
  </div>
  <div
    className="ManageTeamItem__controls"
  >
    <button
      className="Link"
      onClick={[Function]}
    >
      Leave
    </button>
  </div>
</li>
`;
