// Jest Snapshot v1, https://goo.gl/fbAQLP

exports[`BoardsItemThumb component renders without error 1`] = `
<div
  className="BoardsItemThumb"
>
  <div
    className="BoardsItemThumb__column"
  >
    <div
      className="BoardsItemThumb__card empty"
      key="0"
    />
    <div
      className="BoardsItemThumb__card empty"
      key="1"
    />
    <div
      className="BoardsItemThumb__card empty"
      key="2"
    />
    <div
      className="BoardsItemThumb__card empty"
      key="3"
    />
  </div>
  <div
    className="BoardsItemThumb__column"
  >
    <div
      className="BoardsItemThumb__card filled"
      key="0"
    />
    <div
      className="BoardsItemThumb__card empty"
      key="1"
    />
    <div
      className="BoardsItemThumb__card empty"
      key="2"
    />
    <div
      className="BoardsItemThumb__card empty"
      key="3"
    />
  </div>
  <div
    className="BoardsItemThumb__column"
  >
    <div
      className="BoardsItemThumb__card filled"
      key="0"
    />
    <div
      className="BoardsItemThumb__card filled"
      key="1"
    />
    <div
      className="BoardsItemThumb__card empty"
      key="2"
    />
    <div
      className="BoardsItemThumb__card empty"
      key="3"
    />
  </div>
  <div
    className="BoardsItemThumb__column"
  >
    <div
      className="BoardsItemThumb__card filled"
      key="0"
    />
    <div
      className="BoardsItemThumb__card filled"
      key="1"
    />
    <div
      className="BoardsItemThumb__card filled"
      key="2"
    />
    <div
      className="BoardsItemThumb__card empty"
      key="3"
    />
  </div>
</div>
`;
