// Jest Snapshot v1, https://goo.gl/fbAQLP

exports[`RetroBoardColumn component renders without error 1`] = `
<div
  className="RetroBoardColumn"
>
  <h3
    className="RetroBoardColumn__title"
  >
    <span />
    <Link
      to="/boards/undefined/add-card"
    >
      Add Card
    </Link>
  </h3>
  <ol />
</div>
`;
