// Jest Snapshot v1, https://goo.gl/fbAQLP

exports[`RetroBoardColumn component renders without error 1`] = `
<li
  className="RetroBoardColumn"
>
  <h3
    className="RetroBoardColumn__title"
  >
    <span />
    <Link
      to="/boards/800f3047-0054-4146-affsb7a-e06bf86f0868/cards/add"
    >
      Add Card
    </Link>
  </h3>
  <ol />
</li>
`;
