// Jest Snapshot v1, https://goo.gl/fbAQLP

exports[`App component renders without error 1`] = `
<Fragment>
  <ContextProvider
    value={
      Object {
        "addBoard": [Function],
        "addCard": [Function],
        "addTeam": [Function],
        "addTeamMember": [Function],
        "boards": Array [
          Object {
            "cards": Array [
              Object {
                "category": 1,
                "created_at": 2021-01-31T20:41:56.130Z,
                "created_by": Object {
                  "id": "287cd92d-b224-4d73-9a3f-9b6fdfdc26bbbc0f",
                  "name": "Ryan Chase",
                },
                "headline": "excepturi labore velit",
                "id": "238671c5-eeb3-4asdfafdc8-a5a4-f39fda7de8990e",
                "modified_at": 2021-05-10T19:42:53.992Z,
                "text": "Perspiciatis recusandae eum. Exercitationem enim est quasi vel. Ad qui corrupti eum id sint. Omnis exercitationem ullam ut reprehenderit.",
              },
              Object {
                "category": 1,
                "created_at": 2020-08-03T08:24:34.545Z,
                "created_by": Object {
                  "id": "238671c5-eeewrb3-4dc8-a5a4-f39fda7de8990e",
                  "name": "May Rath",
                },
                "headline": "commodi consequuntur ex",
                "id": "238671c5-eeb3-4qqewqdc8-a5a4-f39fda7de8990e",
                "modified_at": 2021-05-10T13:09:43.301Z,
                "text": "Minus in ab iusto alias praesentium. Est iste aut doloremque vel qui dignissimos. Repellendus sit consectetur nesciunt in aut qui qui ut deserunt. Iste quia iusto sunt natus cum perferendis.",
              },
              Object {
                "category": 1,
                "created_at": 2020-10-06T15:40:52.444Z,
                "created_by": Object {
                  "id": "238671c5jur-eeb3-4dc8-a5a4-f39fda7de8990e",
                  "name": "Pietro O'Kon",
                },
                "headline": "delectus pariatur sed",
                "id": "238671c5-eeb3-4dc8-a5a4-f39rjrjfda7de8990e",
                "modified_at": 2021-05-10T17:36:23.880Z,
                "text": "Quos eaque maiores. Quos quaerat impedit numquam omnis. Hic molestiae sed vel. Laudantium earum est fuga iusto numquam. Molestiae eaque doloribus reprehenderit repellendus occaecati fugit qui voluptas.",
              },
              Object {
                "category": 1,
                "created_at": 2020-12-24T15:41:35.033Z,
                "created_by": Object {
                  "id": "238671c5-eeb3-4jurudc8-a5a4-f39fda7de8990e",
                  "name": "Tyson Kunde",
                },
                "headline": "voluptatibus ut ut",
                "id": "238671c5-eebujrrju3-4dc8-a5a4-f39fda7de8990e",
                "modified_at": 2021-05-10T14:13:40.980Z,
                "text": "Dolor dolores sunt deleniti eius. Veniam ut velit adipisci.",
              },
              Object {
                "category": 2,
                "created_at": 2021-05-09T05:52:29.398Z,
                "created_by": Object {
                  "id": "238671c5-eedasfab3-4dc8-a5a4-f39fda7de8990e",
                  "name": "Coby Kling",
                },
                "headline": "voluptatem velit dolorem",
                "id": "238671c5-eeb3-4dc8-a5dafaa4-f39fda7de8990e",
                "modified_at": 2021-05-10T15:06:34.862Z,
                "text": "Libero id qui necessitatibus rerum aut expedita eum laboriosam qui. Vero dolorem totam necessitatibus. Voluptatem et repellendus.",
              },
              Object {
                "category": 2,
                "created_at": 2020-12-23T02:29:07.313Z,
                "created_by": Object {
                  "id": "238671c5-eeb3-4dytrc8-a5a4-f39fda7de8990e",
                  "name": "Kaleb Considine",
                },
                "headline": "corrupti ea commodi",
                "id": "238671c5-eerwewetb3-4dc8-a5a4-f39fda7de8990e",
                "modified_at": 2021-05-11T00:59:27.657Z,
                "text": "At non rerum consequatur beatae autem. Eos consequatur vero soluta eos omnis. Qui consequatur cumque commodi in nemo corrupti nobis explicabo. Earum optio blanditiis nisi id ut debitis deleniti velit. Enim fugiat et et molestias doloribus ab.",
              },
              Object {
                "category": 4,
                "created_at": 2021-04-10T01:38:33.163Z,
                "created_by": Object {
                  "id": "238671c5-eebytey3-4dc8-a5a4-f39fda7de8990e",
                  "name": "Kristopher Schmidt",
                },
                "headline": "est excepturi veritatis",
                "id": "238671c5-eeb3-4dtryeytrc8-a5a4-f39fda7de8990e",
                "modified_at": 2021-05-10T12:32:04.543Z,
                "text": "Quidem totam adipisci ipsam dolorem dicta debitis dolores. Provident veritatis id et quaerat commodi ea repudiandae fuga ut.",
              },
              Object {
                "category": 4,
                "created_at": 2020-11-07T15:00:55.670Z,
                "created_by": Object {
                  "id": "287cd92d-b224-4d73-9a3f-9b6fdfdc26bbbc0f",
                  "name": "Ryan Chase",
                },
                "headline": "totam et autem",
                "id": "238671c5-eeb3-4dcdsfddsg8-a5a4-f39fda7de8990e",
                "modified_at": 2021-05-10T20:39:34.897Z,
                "text": "Itaque eaque quo numquam aliquid vitae rerum. Nobis quaerat voluptatem est aut sit deleniti aut dolor. Aut iusto eveniet ipsum labore id debitis sed libero.",
              },
            ],
            "created_at": 2020-06-22T19:27:21.732Z,
            "id": "800f3047-0054-4146-affsb7a-e06bf86f0868",
            "modified_at": 2021-05-10T04:31:08.403Z,
            "name": "Team Name Pending Retrio Board",
            "owner_id": "287cd92d-b224-4d73-9a3f-9b6fdfdc26bbbc0f",
            "team_id": "0c36af8f-4b3b-4f7ee-9491-c3d6396f1136",
          },
          Object {
            "cards": Array [
              Object {
                "category": 1,
                "created_at": 2020-08-21T06:19:39.707Z,
                "created_by": Object {
                  "id": "287cd92d-b224-4d73-9a3f-9b6fdfdc26bbbc0f",
                  "name": "Ryan Chase",
                },
                "headline": "veritatis repellat aut",
                "id": "238671c5-eeb3-4asdfafdc8-a5a4-f39fda7de8990e",
                "modified_at": 2021-05-10T09:36:58.926Z,
                "text": "Sit dolor ad in error ullam ad non praesentium. Non ut omnis ut non qui saepe at cupiditate. Sit qui expedita accusamus.",
              },
              Object {
                "category": 1,
                "created_at": 2020-06-09T15:06:30.682Z,
                "created_by": Object {
                  "id": "238671c5-eeewrb3-4dc8-a5a4-f39fda7de8990e",
                  "name": "Karley Stark",
                },
                "headline": "eligendi iure fuga",
                "id": "238671c5-eeb3-4qqewqdc8-a5a4-f39fda7de8990e",
                "modified_at": 2021-05-10T16:56:10.489Z,
                "text": "Sed delectus nobis alias non illum eum et a. Laborum ducimus sed sit sapiente ad.",
              },
              Object {
                "category": 1,
                "created_at": 2020-11-17T13:58:50.850Z,
                "created_by": Object {
                  "id": "238671c5jur-eeb3-4dc8-a5a4-f39fda7de8990e",
                  "name": "Mose Larkin",
                },
                "headline": "sint omnis nihil",
                "id": "238671c5-eeb3-4dc8-a5a4-f39rjrjfda7de8990e",
                "modified_at": 2021-05-10T17:55:51.897Z,
                "text": "Incidunt repudiandae dolorem quia optio est. In aut pariatur. Enim illum in cumque tenetur maiores repellendus aspernatur omnis.",
              },
              Object {
                "category": 1,
                "created_at": 2021-03-12T00:45:40.646Z,
                "created_by": Object {
                  "id": "238671c5-eeb3-4jurudc8-a5a4-f39fda7de8990e",
                  "name": "Lizeth Berge",
                },
                "headline": "et repellendus doloremque",
                "id": "238671c5-eebujrrju3-4dc8-a5a4-f39fda7de8990e",
                "modified_at": 2021-05-11T00:53:03.922Z,
                "text": "Repudiandae est rerum. Eaque ut accusamus at deleniti ipsum. Sit sed ut aut asperiores.",
              },
              Object {
                "category": 2,
                "created_at": 2021-04-02T03:38:03.503Z,
                "created_by": Object {
                  "id": "238671c5-eedasfab3-4dc8-a5a4-f39fda7de8990e",
                  "name": "Hayley Parisian",
                },
                "headline": "at et ex",
                "id": "238671c5-eeb3-4dc8-a5dafaa4-f39fda7de8990e",
                "modified_at": 2021-05-10T06:17:35.863Z,
                "text": "Mollitia dolorum aut aut dolorem aut quia a. Veniam quas explicabo corrupti voluptatem. Vero distinctio illum quis debitis illum officiis. Dolor atque dolore assumenda. Molestias beatae in tempore non nobis omnis veritatis quas.",
              },
              Object {
                "category": 2,
                "created_at": 2020-12-03T16:30:26.129Z,
                "created_by": Object {
                  "id": "238671c5-eeb3-4dytrc8-a5a4-f39fda7de8990e",
                  "name": "Jody Powlowski",
                },
                "headline": "illum inventore recusandae",
                "id": "238671c5-eerwewetb3-4dc8-a5a4-f39fda7de8990e",
                "modified_at": 2021-05-11T03:23:47.830Z,
                "text": "Itaque exercitationem sunt enim et. Tempore omnis nisi ipsam ut cupiditate hic id. Sit ut fugiat ratione blanditiis.",
              },
              Object {
                "category": 4,
                "created_at": 2021-03-23T11:48:29.998Z,
                "created_by": Object {
                  "id": "238671c5-eebytey3-4dc8-a5a4-f39fda7de8990e",
                  "name": "Euna Kiehn",
                },
                "headline": "est qui et",
                "id": "238671c5-eeb3-4dtryeytrc8-a5a4-f39fda7de8990e",
                "modified_at": 2021-05-10T06:17:38.553Z,
                "text": "Veritatis harum alias enim. Ab necessitatibus est ut ut beatae tenetur. Sit aut quia aut ab. Repellat est fuga quasi perspiciatis pariatur.",
              },
              Object {
                "category": 4,
                "created_at": 2020-12-04T21:32:33.717Z,
                "created_by": Object {
                  "id": "287cd92d-b224-4d73-9a3f-9b6fdfdc26bbbc0f",
                  "name": "Ryan Chase",
                },
                "headline": "eaque ratione occaecati",
                "id": "238671c5-eeb3-4dcdsfddsg8-a5a4-f39fda7de8990e",
                "modified_at": 2021-05-10T14:02:21.894Z,
                "text": "Maiores rerum sunt modi ut molestiae sint. Ducimus officiis aspernatur sed provident nam est non. Minus ut qui tempore dolorem aut magni. Error inventore quo aut non autem ea enim. Consequuntur itaque eveniet.",
              },
            ],
            "created_at": 2020-12-23T00:29:27.662Z,
            "id": "800f3047-0054-4146-ab7a-e06bwewef86f0868",
            "modified_at": 2021-05-10T23:13:27.613Z,
            "name": "Someone Else Broke It Retrio Board",
            "owner_id": "287cd92d-b224-4d73-9a3f-9b6fdfdc26bbbc0f",
            "team_id": "238671c5-eeb3-4dc8-a5a4-f39fda7de8990e",
          },
          Object {
            "cards": Array [
              Object {
                "category": 1,
                "created_at": 2020-09-23T10:31:36.947Z,
                "created_by": Object {
                  "id": "287cd92d-b224-4d73-9a3f-9b6fdfdc26bbbc0f",
                  "name": "Ryan Chase",
                },
                "headline": "vel eum mollitia",
                "id": "238671c5-eeb3-4asdfafdc8-a5a4-f39fda7de8990e",
                "modified_at": 2021-05-10T16:56:35.726Z,
                "text": "Temporibus nemo eligendi consequatur quaerat iusto quo dolores ut explicabo. Voluptas necessitatibus ipsum in id ut tenetur ea.",
              },
              Object {
                "category": 1,
                "created_at": 2020-08-01T01:23:04.488Z,
                "created_by": Object {
                  "id": "238671c5-eeewrb3-4dc8-a5a4-f39fda7de8990e",
                  "name": "Shakira Graham",
                },
                "headline": "illo vero nihil",
                "id": "238671c5-eeb3-4qqewqdc8-a5a4-f39fda7de8990e",
                "modified_at": 2021-05-10T08:08:43.881Z,
                "text": "Neque architecto consequuntur. Vero omnis laboriosam explicabo aspernatur voluptatem ratione quidem est aut. Dolore repellendus ut ipsa voluptatibus veritatis.",
              },
              Object {
                "category": 1,
                "created_at": 2021-01-04T15:32:20.131Z,
                "created_by": Object {
                  "id": "238671c5jur-eeb3-4dc8-a5a4-f39fda7de8990e",
                  "name": "Chelsey Satterfield",
                },
                "headline": "dignissimos aliquid necessitatibus",
                "id": "238671c5-eeb3-4dc8-a5a4-f39rjrjfda7de8990e",
                "modified_at": 2021-05-10T18:41:23.903Z,
                "text": "Vitae qui eos. Et eos laboriosam. Eius ipsa in quidem inventore quia tempora quidem tempora architecto. Alias sit quia. Ipsum explicabo dolores accusamus id et eum repellendus nam voluptas.",
              },
              Object {
                "category": 1,
                "created_at": 2021-02-02T13:00:42.262Z,
                "created_by": Object {
                  "id": "238671c5-eeb3-4jurudc8-a5a4-f39fda7de8990e",
                  "name": "Kody Hauck",
                },
                "headline": "odio voluptate provident",
                "id": "238671c5-eebujrrju3-4dc8-a5a4-f39fda7de8990e",
                "modified_at": 2021-05-10T08:28:35.811Z,
                "text": "Ex perferendis voluptas minus similique non nihil aut officia velit. Consectetur molestiae accusantium sint. Odio laboriosam quaerat occaecati mollitia quisquam voluptatum autem quia molestiae. Fuga aperiam facere vitae harum laborum.",
              },
              Object {
                "category": 2,
                "created_at": 2020-11-15T15:40:28.924Z,
                "created_by": Object {
                  "id": "238671c5-eedasfab3-4dc8-a5a4-f39fda7de8990e",
                  "name": "Levi Hoppe",
                },
                "headline": "consequatur quae eum",
                "id": "238671c5-eeb3-4dc8-a5dafaa4-f39fda7de8990e",
                "modified_at": 2021-05-10T05:27:53.055Z,
                "text": "Est beatae corporis est adipisci porro. Voluptates architecto at. Odio accusantium facere quidem sit iste. Et nostrum expedita facilis facere voluptatem perspiciatis omnis maxime. Et voluptates tempora ex libero ut et.",
              },
              Object {
                "category": 2,
                "created_at": 2020-11-07T10:20:11.067Z,
                "created_by": Object {
                  "id": "238671c5-eeb3-4dytrc8-a5a4-f39fda7de8990e",
                  "name": "Sterling Russel",
                },
                "headline": "eius aut sunt",
                "id": "238671c5-eerwewetb3-4dc8-a5a4-f39fda7de8990e",
                "modified_at": 2021-05-10T07:17:39.087Z,
                "text": "Et et quae id maxime corporis laborum illum cum. Est ullam ex. Voluptas quo maxime. Dolorem dicta reiciendis ut praesentium fugiat.",
              },
              Object {
                "category": 4,
                "created_at": 2021-03-02T20:30:01.673Z,
                "created_by": Object {
                  "id": "238671c5-eebytey3-4dc8-a5a4-f39fda7de8990e",
                  "name": "Lillie Jones",
                },
                "headline": "sit rem aut",
                "id": "238671c5-eeb3-4dtryeytrc8-a5a4-f39fda7de8990e",
                "modified_at": 2021-05-10T21:26:42.554Z,
                "text": "Ut velit sint vel ullam. Minus nihil fuga eaque odio aliquid et vitae. Eveniet blanditiis debitis distinctio ut rerum veniam nihil. Sequi itaque enim totam sequi enim et incidunt id.",
              },
              Object {
                "category": 4,
                "created_at": 2021-02-21T11:32:47.030Z,
                "created_by": Object {
                  "id": "287cd92d-b224-4d73-9a3f-9b6fdfdc26bbbc0f",
                  "name": "Ryan Chase",
                },
                "headline": "quasi consequatur non",
                "id": "238671c5-eeb3-4dcdsfddsg8-a5a4-f39fda7de8990e",
                "modified_at": 2021-05-11T01:13:28.291Z,
                "text": "Sint dolores incidunt sint veritatis. Placeat tenetur recusandae et corrupti magnam velit non. Accusantium iste neque. Incidunt sapiente est modi quam excepturi molestias architecto. Veritatis ab ipsa aliquam at.",
              },
            ],
            "created_at": 2020-09-28T09:04:41.886Z,
            "id": "800f3056-0054-4146-7a-e0qw6bf86f0868",
            "modified_at": 2021-05-11T02:12:26.001Z,
            "name": "Deploy Happy Retrio Board",
            "owner_id": "0c36af8f-4b3j-47ee-9491-c3d6rt396f1136",
            "team_id": "238671c4-eeb3-4ffdc8-a5a4-f39a7de8990j",
          },
        ],
        "cardCategories": Object {
          "1": "What went well",
          "2": "What didn't go well",
          "3": "To try",
          "4": "Shout outs",
        },
        "deleteBoard": [Function],
        "deleteCard": [Function],
        "deleteTeam": [Function],
        "editBoard": [Function],
        "editCard": [Function],
        "editTeam": [Function],
        "loggedInUser": Object {
          "email": "ryan@chasery.com",
          "id": "287cd92d-b224-4d73-9a3f-9b6fdfdc26bbbc0f",
          "name": "Ryan Chase",
        },
        "removeTeamMember": [Function],
        "teams": Array [
          Object {
            "created_at": 2020-11-26T04:56:51.159Z,
            "id": "238671c5-eeb3-4dc8-a5a4-f39fda7de8990e",
            "members": Array [
              Object {
                "email": "ryan@chasery.com",
                "id": "287cd92d-b224-4d73-9a3f-9b6fdfdc26bbbc0f",
                "name": "Ryan Chase",
              },
              Object {
                "email": "Eryn.Langosh@hotmail.com",
                "id": "238671c5-egffeb3-4dc8-a5a4-f39fda7de8990e",
                "name": "Carlee Durgan",
              },
              Object {
                "email": "Coleman_Sipes30@hotmail.com",
                "id": "238671c5-easddseb3-4dc8-a5a4-f39fda7de8990e",
                "name": "Willy Mayert",
              },
              Object {
                "email": "Sheridan_Stroman34@yahoo.com",
                "id": "238671c5-eebdsafas3-4dc8-a5a4-f39fda7de8990e",
                "name": "Bridgette Hills",
              },
              Object {
                "email": "Nicklaus12@gmail.com",
                "id": "238671c5-eeb3-4dghghc8-a5a4-f39fda7de8990e",
                "name": "Adolf Zboncak",
              },
              Object {
                "email": "Lucienne_Dicki@gmail.com",
                "id": "238671c5-eeb3-4dc8fgdg-a5a4-f39fda7de8990e",
                "name": "Tyra Hilll",
              },
            ],
            "modified_at": 2021-05-10T16:44:17.646Z,
            "name": "Someone Else Broke It",
            "owner_id": "287cd92d-b224-4d73-9a3f-9b6fdfdc26bbbc0f",
          },
          Object {
            "created_at": 2020-09-06T19:34:49.741Z,
            "id": "0c36af8f-4b3b-4f7ee-9491-c3d6396f1136",
            "members": Array [
              Object {
                "email": "ryan@chasery.com",
                "id": "287cd92d-b224-4d73-9a3f-9b6fdfdc26bbbc0f",
                "name": "Ryan Chase",
              },
              Object {
                "email": "Clifton.Dare93@hotmail.com",
                "id": "238asdfas671c5-eeb3-4dc8-a5a4-f39fda7de8990e",
                "name": "Rudy Frami",
              },
              Object {
                "email": "Janick.Kunde86@yahoo.com",
                "id": "23867dasds1c5-eeb3-4dc8-a5a4-f39fda7de8990e",
                "name": "Nicolette Quitzon",
              },
              Object {
                "email": "Rodger45@hotmail.com",
                "id": "238671c5-eeb3-4ddfsfsc8-a5a4-f39fda7de8990e",
                "name": "Keon Kub",
              },
              Object {
                "email": "Ferne.Leuschke@yahoo.com",
                "id": "238671c5-eeb3-4dcdsafad8-a5a4-f39fda7de8990e",
                "name": "Rosalind Watsica",
              },
              Object {
                "email": "Lester_Ferry@gmail.com",
                "id": "238671c5-eeb3-4dcdsaa8-a5a4-f39fda7de8990e",
                "name": "Sister Cronin",
              },
            ],
            "modified_at": 2021-05-10T06:18:55.394Z,
            "name": "Team Name Pending",
            "owner_id": "287cd92d-b224-4d73-9a3f-9b6fdfdc26bbbc0f",
          },
          Object {
            "created_at": 2020-12-21T04:22:49.223Z,
            "id": "238671c4-eeb3-4ffdc8-a5a4-f39a7de8990j",
            "members": Array [
              Object {
                "email": "Verna21@hotmail.com",
                "id": "238671c4-eeb3-4dc8-a5addsaadsaa4-f39a7de",
                "name": "Sabryna Kovacek",
              },
              Object {
                "email": "ryan@chasery.com",
                "id": "287cd92d-b224-4d73-9a3f-9b6fdfdc26bbbc0f",
                "name": "Ryan Chase",
              },
              Object {
                "email": "Brant_Cremin27@hotmail.com",
                "id": "238671c5-eeewqrqqb3-4dc8-a5a4-f39fda7de8990e",
                "name": "Daphne Reichel",
              },
              Object {
                "email": "Loraine.Welch41@yahoo.com",
                "id": "238671c5-eeb3-4dfewqc8-a5a4-f39fda7de8990e",
                "name": "Kylee Stracke",
              },
              Object {
                "email": "Marcelino92@hotmail.com",
                "id": "238671c5-eeb3-4dcytrj8-a5a4-f39fda7de8990e",
                "name": "Arvid Gusikowski",
              },
              Object {
                "email": "Mackenzie_Ferry72@yahoo.com",
                "id": "238671c5-eeb3-4dgtrgec8-a5a4-f39fda7de8990e",
                "name": "Harry Dibbert",
              },
            ],
            "modified_at": 2021-05-10T15:20:33.980Z,
            "name": "Deploy Happy",
            "owner_id": "238671c4-eeb3-4dc8-a5a4-f39a7de",
          },
        ],
        "throwAway": [Function],
      }
    }
  >
    <Switch>
      <PublicOnlyRoute
        component={[Function]}
        exact={true}
        path="/"
      />
      <PublicOnlyRoute
        component={[Function]}
        exact={true}
        path="/sign-in"
      />
      <PublicOnlyRoute
        component={[Function]}
        exact={true}
        path="/sign-up"
      />
      <PrivateRoute
        component={[Function]}
        exact={true}
        path="/boards"
      />
      <PrivateRoute
        component={[Function]}
        path="/boards/add-board"
      />
      <PrivateRoute
        component={[Function]}
        exact={true}
        path="/boards/:boardId"
      />
      <PrivateRoute
        component={[Function]}
        exact={true}
        path="/boards/:boardId/edit-board"
      />
      <PrivateRoute
        component={[Function]}
        path="/boards/:boardId/add-card"
      />
      <PrivateRoute
        component={[Function]}
        path="/boards/:boardId/card/:cardId"
      />
      <PrivateRoute
        component={[Function]}
        exact={true}
        path="/teams"
      />
      <PrivateRoute
        component={[Function]}
        path="/teams/add-team"
      />
      <PrivateRoute
        component={[Function]}
        exact={true}
        path="/teams/:teamId"
      />
      <PrivateRoute
        component={[Function]}
        path="/teams/:teamId/edit-team"
      />
      <PrivateRoute
        component={[Function]}
        path="/teams/:teamId/add-team-member"
      />
    </Switch>
  </ContextProvider>
</Fragment>
`;
