// Jest Snapshot v1, https://goo.gl/fbAQLP

exports[`App component renders without error 1`] = `
<Fragment>
  <ContextProvider
    value={
      Object {
        "addBoard": [Function],
        "addCard": [Function],
        "addTeam": [Function],
        "addTeamMember": [Function],
        "boards": Array [
          Object {
            "cards": Array [
              Object {
                "category": 1,
                "created_at": 2021-05-04T04:41:37.010Z,
                "created_by": Object {
                  "id": "287cd92d-b224-4d73-9a3f-9b6fdfdc26bbbc0f",
                  "name": "Ryan Chase",
                },
                "headline": "voluptatibus iusto dolor",
                "id": "238671c5-eeb3-4asdfafdc8-a5a4-f39fda7de8990e",
                "modified_at": 2021-05-09T13:22:39.962Z,
                "text": "Nihil dolores reprehenderit deleniti numquam culpa sint maxime iste. Voluptas eligendi consequatur molestiae fuga officiis. Dicta vel est vel natus.",
              },
              Object {
                "category": 1,
                "created_at": 2021-01-26T11:59:12.305Z,
                "created_by": Object {
                  "id": "238671c5-eeewrb3-4dc8-a5a4-f39fda7de8990e",
                  "name": "Miles Nader",
                },
                "headline": "harum sunt porro",
                "id": "238671c5-eeb3-4qqewqdc8-a5a4-f39fda7de8990e",
                "modified_at": 2021-05-09T08:25:34.954Z,
                "text": "Qui a nihil expedita vitae aperiam quae. Explicabo aut cum neque neque et. Earum eum porro temporibus aut aut consectetur et. Mollitia sunt deserunt iste aliquid sapiente voluptatum.",
              },
              Object {
                "category": 1,
                "created_at": 2021-01-05T11:50:13.152Z,
                "created_by": Object {
                  "id": "238671c5jur-eeb3-4dc8-a5a4-f39fda7de8990e",
                  "name": "Johnpaul Hodkiewicz",
                },
                "headline": "enim temporibus perspiciatis",
                "id": "238671c5-eeb3-4dc8-a5a4-f39rjrjfda7de8990e",
                "modified_at": 2021-05-09T15:37:05.786Z,
                "text": "Voluptatibus non et unde. Qui aut nulla cupiditate sapiente sunt voluptatem veritatis magnam perspiciatis. Libero officia architecto. Qui aut aliquid nemo amet et dolor.",
              },
              Object {
                "category": 1,
                "created_at": 2021-04-11T15:10:50.201Z,
                "created_by": Object {
                  "id": "238671c5-eeb3-4jurudc8-a5a4-f39fda7de8990e",
                  "name": "Giovanna Hodkiewicz",
                },
                "headline": "magni quia consequuntur",
                "id": "238671c5-eebujrrju3-4dc8-a5a4-f39fda7de8990e",
                "modified_at": 2021-05-09T04:39:24.523Z,
                "text": "Consequatur quasi occaecati quibusdam possimus. Veniam id laboriosam autem perspiciatis mollitia minus delectus. Pariatur a quia voluptates non quo eum nisi enim. Recusandae voluptatem recusandae.",
              },
              Object {
                "category": 2,
                "created_at": 2021-01-03T05:56:22.912Z,
                "created_by": Object {
                  "id": "238671c5-eedasfab3-4dc8-a5a4-f39fda7de8990e",
                  "name": "Ilene Steuber",
                },
                "headline": "mollitia illo non",
                "id": "238671c5-eeb3-4dc8-a5dafaa4-f39fda7de8990e",
                "modified_at": 2021-05-08T22:50:05.852Z,
                "text": "Sit neque dolorem quia. Tempore atque dolor eos iste eum quo.",
              },
              Object {
                "category": 2,
                "created_at": 2020-06-10T16:12:55.798Z,
                "created_by": Object {
                  "id": "238671c5-eeb3-4dytrc8-a5a4-f39fda7de8990e",
                  "name": "Jess Mann",
                },
                "headline": "ab perferendis ut",
                "id": "238671c5-eerwewetb3-4dc8-a5a4-f39fda7de8990e",
                "modified_at": 2021-05-08T19:09:32.555Z,
                "text": "Ipsa eum et qui et officiis laboriosam. Voluptas quam enim sed beatae ea amet. Aut dolores qui possimus velit et illum. Dolorem voluptatem corrupti minus sit.",
              },
              Object {
                "category": 4,
                "created_at": 2020-10-29T19:57:14.734Z,
                "created_by": Object {
                  "id": "238671c5-eebytey3-4dc8-a5a4-f39fda7de8990e",
                  "name": "Gerardo Kertzmann",
                },
                "headline": "id aspernatur mollitia",
                "id": "238671c5-eeb3-4dtryeytrc8-a5a4-f39fda7de8990e",
                "modified_at": 2021-05-09T08:56:55.375Z,
                "text": "Quaerat quo quis et eos ducimus doloribus. Inventore exercitationem necessitatibus perferendis voluptatibus aut quis harum rem. Dolor cupiditate consequuntur porro incidunt dolores ducimus amet qui non. In in fuga in.",
              },
              Object {
                "category": 4,
                "created_at": 2021-05-05T10:43:23.840Z,
                "created_by": Object {
                  "id": "287cd92d-b224-4d73-9a3f-9b6fdfdc26bbbc0f",
                  "name": "Ryan Chase",
                },
                "headline": "natus omnis inventore",
                "id": "238671c5-eeb3-4dcdsfddsg8-a5a4-f39fda7de8990e",
                "modified_at": 2021-05-09T12:54:55.957Z,
                "text": "Fugiat commodi illum ipsam et. Eius eos officia sunt at ut facere. Ex odit omnis nemo. Rerum sint dignissimos eveniet molestiae repudiandae voluptate incidunt.",
              },
            ],
            "created_at": 2020-12-09T09:08:50.186Z,
            "id": "800f3047-0054-4146-affsb7a-e06bf86f0868",
            "modified_at": 2021-05-09T10:21:58.268Z,
            "name": "Team Name Pending Retrio Board",
            "owner_id": "287cd92d-b224-4d73-9a3f-9b6fdfdc26bbbc0f",
            "team_id": "0c36af8f-4b3b-4f7ee-9491-c3d6396f1136",
          },
          Object {
            "cards": Array [
              Object {
                "category": 1,
                "created_at": 2020-06-24T11:49:34.425Z,
                "created_by": Object {
                  "id": "287cd92d-b224-4d73-9a3f-9b6fdfdc26bbbc0f",
                  "name": "Ryan Chase",
                },
                "headline": "error sapiente maxime",
                "id": "238671c5-eeb3-4asdfafdc8-a5a4-f39fda7de8990e",
                "modified_at": 2021-05-09T01:26:09.369Z,
                "text": "Ratione eligendi temporibus recusandae nemo quia. Sed iusto aliquid exercitationem et architecto cumque ipsum assumenda. Vel maiores repellat. Mollitia illum architecto ut quis ipsum aut qui provident pariatur.",
              },
              Object {
                "category": 1,
                "created_at": 2020-11-28T17:06:01.213Z,
                "created_by": Object {
                  "id": "238671c5-eeewrb3-4dc8-a5a4-f39fda7de8990e",
                  "name": "Ettie Gorczany",
                },
                "headline": "aut officia vitae",
                "id": "238671c5-eeb3-4qqewqdc8-a5a4-f39fda7de8990e",
                "modified_at": 2021-05-09T16:04:26.873Z,
                "text": "Possimus cum est ex consequatur enim nam culpa. Et tempora culpa ut numquam.",
              },
              Object {
                "category": 1,
                "created_at": 2020-10-08T20:27:30.115Z,
                "created_by": Object {
                  "id": "238671c5jur-eeb3-4dc8-a5a4-f39fda7de8990e",
                  "name": "Joseph Barton",
                },
                "headline": "qui soluta iure",
                "id": "238671c5-eeb3-4dc8-a5a4-f39rjrjfda7de8990e",
                "modified_at": 2021-05-09T11:05:41.377Z,
                "text": "Nobis soluta dolores. Atque expedita est dolorum voluptates aut omnis aperiam excepturi repudiandae. Aliquam voluptas repudiandae. Id officiis esse odit qui distinctio.",
              },
              Object {
                "category": 1,
                "created_at": 2020-09-30T23:09:59.809Z,
                "created_by": Object {
                  "id": "238671c5-eeb3-4jurudc8-a5a4-f39fda7de8990e",
                  "name": "Kirstin Mosciski",
                },
                "headline": "numquam optio non",
                "id": "238671c5-eebujrrju3-4dc8-a5a4-f39fda7de8990e",
                "modified_at": 2021-05-09T01:25:59.985Z,
                "text": "Sapiente voluptatem quo sit dolores et. Quia nihil magnam reiciendis distinctio enim quisquam nam quas.",
              },
              Object {
                "category": 2,
                "created_at": 2020-09-09T11:49:18.465Z,
                "created_by": Object {
                  "id": "238671c5-eedasfab3-4dc8-a5a4-f39fda7de8990e",
                  "name": "Sandrine Quigley",
                },
                "headline": "qui aut cupiditate",
                "id": "238671c5-eeb3-4dc8-a5dafaa4-f39fda7de8990e",
                "modified_at": 2021-05-08T17:52:14.453Z,
                "text": "Ea possimus quis. Qui fugiat totam aliquid et perspiciatis. Mollitia ex porro tempore repellendus temporibus asperiores voluptatem. Doloribus sed praesentium et soluta qui beatae similique quia libero. Minima ut libero dolores fuga.",
              },
              Object {
                "category": 2,
                "created_at": 2020-10-16T09:57:01.544Z,
                "created_by": Object {
                  "id": "238671c5-eeb3-4dytrc8-a5a4-f39fda7de8990e",
                  "name": "Jadon Macejkovic",
                },
                "headline": "eos incidunt consectetur",
                "id": "238671c5-eerwewetb3-4dc8-a5a4-f39fda7de8990e",
                "modified_at": 2021-05-08T20:51:43.915Z,
                "text": "Numquam sit omnis molestiae laborum totam. Ipsum illo error sed dignissimos. Quia veniam non accusantium repellat.",
              },
              Object {
                "category": 4,
                "created_at": 2020-10-02T03:36:07.771Z,
                "created_by": Object {
                  "id": "238671c5-eebytey3-4dc8-a5a4-f39fda7de8990e",
                  "name": "Vernie Koss",
                },
                "headline": "fugiat nulla tempora",
                "id": "238671c5-eeb3-4dtryeytrc8-a5a4-f39fda7de8990e",
                "modified_at": 2021-05-09T04:27:33.325Z,
                "text": "Consequatur iure officiis reiciendis ut tempora. Fugiat qui reprehenderit quia sunt veritatis aut voluptatem.",
              },
              Object {
                "category": 4,
                "created_at": 2021-04-10T03:21:11.427Z,
                "created_by": Object {
                  "id": "287cd92d-b224-4d73-9a3f-9b6fdfdc26bbbc0f",
                  "name": "Ryan Chase",
                },
                "headline": "est ipsam consequatur",
                "id": "238671c5-eeb3-4dcdsfddsg8-a5a4-f39fda7de8990e",
                "modified_at": 2021-05-09T08:15:19.563Z,
                "text": "Perspiciatis et voluptate vel architecto dolore et ea. Ratione consequatur consequatur asperiores architecto animi maiores eveniet nisi. Soluta veritatis doloremque est eius. Laudantium architecto facilis autem eos quo quo deleniti nemo cupiditate. Similique recusandae voluptas eos aliquid eum voluptas voluptatem.",
              },
            ],
            "created_at": 2021-02-02T16:42:41.268Z,
            "id": "800f3047-0054-4146-ab7a-e06bwewef86f0868",
            "modified_at": 2021-05-08T19:29:09.040Z,
            "name": "Someone Else Broke It Retrio Board",
            "owner_id": "287cd92d-b224-4d73-9a3f-9b6fdfdc26bbbc0f",
            "team_id": "238671c5-eeb3-4dc8-a5a4-f39fda7de8990e",
          },
          Object {
            "cards": Array [
              Object {
                "category": 1,
                "created_at": 2020-09-27T00:29:42.476Z,
                "created_by": Object {
                  "id": "287cd92d-b224-4d73-9a3f-9b6fdfdc26bbbc0f",
                  "name": "Ryan Chase",
                },
                "headline": "qui ut praesentium",
                "id": "238671c5-eeb3-4asdfafdc8-a5a4-f39fda7de8990e",
                "modified_at": 2021-05-08T23:46:27.350Z,
                "text": "Illum similique rerum sapiente nam qui cupiditate assumenda quam velit. Quae et dolores sed quo necessitatibus consequatur porro.",
              },
              Object {
                "category": 1,
                "created_at": 2020-12-04T02:37:28.329Z,
                "created_by": Object {
                  "id": "238671c5-eeewrb3-4dc8-a5a4-f39fda7de8990e",
                  "name": "Dock Halvorson",
                },
                "headline": "dolorum error qui",
                "id": "238671c5-eeb3-4qqewqdc8-a5a4-f39fda7de8990e",
                "modified_at": 2021-05-09T13:42:12.998Z,
                "text": "Est non nobis labore enim. Qui enim consequatur est ratione dolor sit dicta. Dolorem aperiam ratione tempore est.",
              },
              Object {
                "category": 1,
                "created_at": 2020-09-05T04:17:32.355Z,
                "created_by": Object {
                  "id": "238671c5jur-eeb3-4dc8-a5a4-f39fda7de8990e",
                  "name": "Macy Schuster",
                },
                "headline": "soluta quas fugiat",
                "id": "238671c5-eeb3-4dc8-a5a4-f39rjrjfda7de8990e",
                "modified_at": 2021-05-09T04:32:08.403Z,
                "text": "Suscipit earum sed ullam. Dolores quis placeat quam esse. Est atque soluta non iusto consequuntur.",
              },
              Object {
                "category": 1,
                "created_at": 2021-03-12T21:23:04.129Z,
                "created_by": Object {
                  "id": "238671c5-eeb3-4jurudc8-a5a4-f39fda7de8990e",
                  "name": "Julie Zieme",
                },
                "headline": "ut enim voluptatem",
                "id": "238671c5-eebujrrju3-4dc8-a5a4-f39fda7de8990e",
                "modified_at": 2021-05-09T02:12:25.217Z,
                "text": "Modi veniam ratione quis nostrum facilis est possimus eos temporibus. Et ullam cum et possimus perferendis tempora. Dolore eum pariatur asperiores corrupti quis veniam dolorum non laboriosam.",
              },
              Object {
                "category": 2,
                "created_at": 2021-02-11T04:13:07.196Z,
                "created_by": Object {
                  "id": "238671c5-eedasfab3-4dc8-a5a4-f39fda7de8990e",
                  "name": "Adolfo Corkery",
                },
                "headline": "qui pariatur voluptas",
                "id": "238671c5-eeb3-4dc8-a5dafaa4-f39fda7de8990e",
                "modified_at": 2021-05-09T03:31:28.190Z,
                "text": "Velit distinctio velit delectus ut aliquam. Quisquam maxime dolores ut ipsum quasi consectetur harum. Eligendi quia exercitationem reprehenderit eligendi. Voluptatem provident sapiente explicabo. Deserunt quis et et eaque iure.",
              },
              Object {
                "category": 2,
                "created_at": 2020-06-20T17:10:50.574Z,
                "created_by": Object {
                  "id": "238671c5-eeb3-4dytrc8-a5a4-f39fda7de8990e",
                  "name": "Willie Prosacco",
                },
                "headline": "sint nisi voluptatem",
                "id": "238671c5-eerwewetb3-4dc8-a5a4-f39fda7de8990e",
                "modified_at": 2021-05-08T19:50:37.106Z,
                "text": "Corporis illum id nemo rerum voluptas officiis qui voluptas. Maxime molestiae earum quo. Incidunt perferendis sapiente eius dolorem. Occaecati et in eveniet.",
              },
              Object {
                "category": 4,
                "created_at": 2020-10-10T07:34:37.034Z,
                "created_by": Object {
                  "id": "238671c5-eebytey3-4dc8-a5a4-f39fda7de8990e",
                  "name": "Chadrick D'Amore",
                },
                "headline": "quos eveniet dignissimos",
                "id": "238671c5-eeb3-4dtryeytrc8-a5a4-f39fda7de8990e",
                "modified_at": 2021-05-09T04:40:26.339Z,
                "text": "Illum nam et at magnam dolores. Fugiat enim necessitatibus id aut sit velit dolores. Necessitatibus et ut.",
              },
              Object {
                "category": 4,
                "created_at": 2021-01-02T04:18:01.173Z,
                "created_by": Object {
                  "id": "287cd92d-b224-4d73-9a3f-9b6fdfdc26bbbc0f",
                  "name": "Ryan Chase",
                },
                "headline": "alias quae voluptatem",
                "id": "238671c5-eeb3-4dcdsfddsg8-a5a4-f39fda7de8990e",
                "modified_at": 2021-05-09T05:34:17.583Z,
                "text": "Error vel consequatur consequatur rerum odio unde rerum sed reprehenderit. Ipsum repellendus numquam nihil aut. Beatae amet et amet. Quas dolores dolore error exercitationem autem rerum doloremque mollitia totam.",
              },
            ],
            "created_at": 2020-06-10T18:11:45.691Z,
            "id": "800f3056-0054-4146-7a-e0qw6bf86f0868",
            "modified_at": 2021-05-09T01:22:11.452Z,
            "name": "Deploy Happy Retrio Board",
            "owner_id": "0c36af8f-4b3j-47ee-9491-c3d6rt396f1136",
            "team_id": "238671c4-eeb3-4ffdc8-a5a4-f39a7de8990j",
          },
        ],
        "cardCategories": Object {
          "1": "What went well",
          "2": "What didn't go well",
          "3": "To try",
          "4": "Shout outs",
        },
        "deleteBoard": [Function],
        "deleteCard": [Function],
        "deleteTeam": [Function],
        "editBoard": [Function],
        "editCard": [Function],
        "editTeam": [Function],
        "loggedInUser": Object {
          "email": "ryan@chasery.com",
          "id": "287cd92d-b224-4d73-9a3f-9b6fdfdc26bbbc0f",
          "name": "Ryan Chase",
        },
        "removeTeamMember": [Function],
        "teams": Array [
          Object {
            "created_at": 2020-08-16T14:34:04.899Z,
            "id": "238671c5-eeb3-4dc8-a5a4-f39fda7de8990e",
            "members": Array [
              Object {
                "email": "ryan@chasery.com",
                "id": "287cd92d-b224-4d73-9a3f-9b6fdfdc26bbbc0f",
                "name": "Ryan Chase",
              },
              Object {
                "email": "Mafalda_Reichert68@gmail.com",
                "id": "238671c5-egffeb3-4dc8-a5a4-f39fda7de8990e",
                "name": "Milan Hirthe",
              },
              Object {
                "email": "Howard_Thiel48@gmail.com",
                "id": "238671c5-easddseb3-4dc8-a5a4-f39fda7de8990e",
                "name": "Irwin Fay",
              },
              Object {
                "email": "Dana27@gmail.com",
                "id": "238671c5-eebdsafas3-4dc8-a5a4-f39fda7de8990e",
                "name": "Ramiro Runte",
              },
              Object {
                "email": "Myrtice.Hoppe@gmail.com",
                "id": "238671c5-eeb3-4dghghc8-a5a4-f39fda7de8990e",
                "name": "Guiseppe Abshire",
              },
              Object {
                "email": "Pamela94@hotmail.com",
                "id": "238671c5-eeb3-4dc8fgdg-a5a4-f39fda7de8990e",
                "name": "Jayda Hudson",
              },
            ],
            "modified_at": 2021-05-09T15:01:31.731Z,
            "name": "Someone Else Broke It",
            "owner_id": "287cd92d-b224-4d73-9a3f-9b6fdfdc26bbbc0f",
          },
          Object {
            "created_at": 2020-10-21T04:07:11.953Z,
            "id": "0c36af8f-4b3b-4f7ee-9491-c3d6396f1136",
            "members": Array [
              Object {
                "email": "ryan@chasery.com",
                "id": "287cd92d-b224-4d73-9a3f-9b6fdfdc26bbbc0f",
                "name": "Ryan Chase",
              },
              Object {
                "email": "Bud51@gmail.com",
                "id": "238asdfas671c5-eeb3-4dc8-a5a4-f39fda7de8990e",
                "name": "Anne Parisian",
              },
              Object {
                "email": "Bill_Hermiston28@gmail.com",
                "id": "23867dasds1c5-eeb3-4dc8-a5a4-f39fda7de8990e",
                "name": "Jerad Herman",
              },
              Object {
                "email": "Dewayne24@gmail.com",
                "id": "238671c5-eeb3-4ddfsfsc8-a5a4-f39fda7de8990e",
                "name": "Rosella Ward",
              },
              Object {
                "email": "Laverne60@gmail.com",
                "id": "238671c5-eeb3-4dcdsafad8-a5a4-f39fda7de8990e",
                "name": "Ethelyn Kemmer",
              },
              Object {
                "email": "Carlee.Maggio@hotmail.com",
                "id": "238671c5-eeb3-4dcdsaa8-a5a4-f39fda7de8990e",
                "name": "Lyric Kovacek",
              },
            ],
            "modified_at": 2021-05-08T18:26:53.042Z,
            "name": "Team Name Pending",
            "owner_id": "287cd92d-b224-4d73-9a3f-9b6fdfdc26bbbc0f",
          },
          Object {
            "created_at": 2021-03-09T04:56:01.083Z,
            "id": "238671c4-eeb3-4ffdc8-a5a4-f39a7de8990j",
            "members": Array [
              Object {
                "email": "Rebeka28@hotmail.com",
                "id": "238671c4-eeb3-4dc8-a5addsaadsaa4-f39a7de",
                "name": "Adan Wintheiser",
              },
              Object {
                "email": "ryan@chasery.com",
                "id": "287cd92d-b224-4d73-9a3f-9b6fdfdc26bbbc0f",
                "name": "Ryan Chase",
              },
              Object {
                "email": "Elsa55@hotmail.com",
                "id": "238671c5-eeewqrqqb3-4dc8-a5a4-f39fda7de8990e",
                "name": "Matilda Fisher",
              },
              Object {
                "email": "Tiana.Lynch42@yahoo.com",
                "id": "238671c5-eeb3-4dfewqc8-a5a4-f39fda7de8990e",
                "name": "Casper Reynolds",
              },
              Object {
                "email": "Raymundo.Medhurst@hotmail.com",
                "id": "238671c5-eeb3-4dcytrj8-a5a4-f39fda7de8990e",
                "name": "Rogers Rosenbaum",
              },
              Object {
                "email": "Rhoda7@yahoo.com",
                "id": "238671c5-eeb3-4dgtrgec8-a5a4-f39fda7de8990e",
                "name": "Lincoln Lind",
              },
            ],
            "modified_at": 2021-05-09T05:45:17.618Z,
            "name": "Deploy Happy",
            "owner_id": "238671c4-eeb3-4dc8-a5a4-f39a7de",
          },
        ],
        "throwAway": [Function],
      }
    }
  >
    <Switch>
      <PublicOnlyRoute
        component={[Function]}
        exact={true}
        path="/"
      />
      <PublicOnlyRoute
        component={[Function]}
        exact={true}
        path="/sign-in"
      />
      <PublicOnlyRoute
        component={[Function]}
        exact={true}
        path="/sign-up"
      />
      <PrivateRoute
        component={[Function]}
        exact={true}
        path="/boards"
      />
      <PrivateRoute
        component={[Function]}
        path="/boards/add-board"
      />
      <PrivateRoute
        component={[Function]}
        exact={true}
        path="/boards/:boardId"
      />
      <PrivateRoute
        component={[Function]}
        exact={true}
        path="/boards/:boardId/edit-board"
      />
      <PrivateRoute
        component={[Function]}
        path="/boards/:boardId/add-card"
      />
      <PrivateRoute
        component={[Function]}
        path="/boards/:boardId/card/:cardId"
      />
      <PrivateRoute
        component={[Function]}
        exact={true}
        path="/teams"
      />
      <PrivateRoute
        component={[Function]}
        path="/teams/add-team"
      />
      <PrivateRoute
        component={[Function]}
        exact={true}
        path="/teams/:teamId"
      />
      <PrivateRoute
        component={[Function]}
        path="/teams/:teamId/edit-team"
      />
      <PrivateRoute
        component={[Function]}
        path="/teams/:teamId/add-team-member"
      />
    </Switch>
  </ContextProvider>
</Fragment>
`;
