// Jest Snapshot v1, https://goo.gl/fbAQLP

exports[`App component renders without error 1`] = `
<Fragment>
  <ContextProvider
    value={
      Object {
        "addBoard": [Function],
        "addCard": [Function],
        "addTeam": [Function],
        "addTeamMember": [Function],
        "boards": Array [
          Object {
            "cards": Array [
              Object {
                "category": 1,
                "created_at": 2020-09-14T05:22:28.314Z,
                "created_by": Object {
                  "id": "287cd92d-b224-4d73-9a3f-9b6fdfdc26bbbc0f",
                  "name": "Ryan Chase",
                },
                "headline": "sed omnis et",
                "id": "238671c5-eeb3-4asdfafdc8-a5a4-f39fda7de8990e",
                "modified_at": 2021-05-05T17:52:57.527Z,
                "text": "Voluptatem magnam exercitationem cupiditate qui temporibus id. Modi aut amet provident animi. Dolore vitae sit repudiandae suscipit ullam voluptatum.",
              },
              Object {
                "category": 1,
                "created_at": 2020-09-27T03:39:57.236Z,
                "created_by": Object {
                  "id": "238671c5-eeewrb3-4dc8-a5a4-f39fda7de8990e",
                  "name": "Savannah Bernhard",
                },
                "headline": "laborum nam doloribus",
                "id": "238671c5-eeb3-4qqewqdc8-a5a4-f39fda7de8990e",
                "modified_at": 2021-05-05T20:43:09.114Z,
                "text": "Omnis dignissimos ullam cum. Eos saepe ut nulla maxime tempora repudiandae debitis inventore. Esse nulla ut minima et.",
              },
              Object {
                "category": 1,
                "created_at": 2020-12-19T06:37:03.759Z,
                "created_by": Object {
                  "id": "238671c5jur-eeb3-4dc8-a5a4-f39fda7de8990e",
                  "name": "Beverly Goodwin",
                },
                "headline": "eligendi hic aut",
                "id": "238671c5-eeb3-4dc8-a5a4-f39rjrjfda7de8990e",
                "modified_at": 2021-05-06T11:18:21.460Z,
                "text": "Qui est sed impedit repellat quo sed ut et possimus. Laboriosam placeat ut ut veniam laudantium quam. Accusamus officiis tempore. Vel ratione voluptatum nulla dolorum nulla ut inventore accusamus. Magnam sint minima eveniet qui ut aut ducimus.",
              },
              Object {
                "category": 1,
                "created_at": 2021-02-21T20:44:20.619Z,
                "created_by": Object {
                  "id": "238671c5-eeb3-4jurudc8-a5a4-f39fda7de8990e",
                  "name": "Karine Corkery",
                },
                "headline": "a sunt quo",
                "id": "238671c5-eebujrrju3-4dc8-a5a4-f39fda7de8990e",
                "modified_at": 2021-05-05T15:54:03.612Z,
                "text": "Quia asperiores aliquam qui voluptas repellat perferendis nihil fuga totam. Sit in eaque eum molestiae omnis in quod totam doloribus. Dolorum eligendi est architecto voluptatum saepe et nihil sed tempore. Dignissimos expedita possimus minus rerum doloremque aut. In dolores voluptatum dolorem omnis.",
              },
              Object {
                "category": 2,
                "created_at": 2021-04-19T20:23:52.788Z,
                "created_by": Object {
                  "id": "238671c5-eedasfab3-4dc8-a5a4-f39fda7de8990e",
                  "name": "Jerry Johnston",
                },
                "headline": "dolorem non inventore",
                "id": "238671c5-eeb3-4dc8-a5dafaa4-f39fda7de8990e",
                "modified_at": 2021-05-06T08:58:56.468Z,
                "text": "Et autem pariatur adipisci. Cum rerum quo veritatis similique fugiat et consequatur. Ex amet quia qui. Quam fugit iusto accusantium. Et dolorem dolorum harum soluta natus nobis et possimus.",
              },
              Object {
                "category": 2,
                "created_at": 2021-02-06T16:14:09.288Z,
                "created_by": Object {
                  "id": "238671c5-eeb3-4dytrc8-a5a4-f39fda7de8990e",
                  "name": "Patricia Zulauf",
                },
                "headline": "nulla dolorem omnis",
                "id": "238671c5-eerwewetb3-4dc8-a5a4-f39fda7de8990e",
                "modified_at": 2021-05-06T06:33:15.906Z,
                "text": "Necessitatibus iure dolorum velit ipsam culpa voluptas. Reprehenderit quo est atque.",
              },
              Object {
                "category": 4,
                "created_at": 2020-06-09T00:07:53.820Z,
                "created_by": Object {
                  "id": "238671c5-eebytey3-4dc8-a5a4-f39fda7de8990e",
                  "name": "Emory Sporer",
                },
                "headline": "nesciunt animi cupiditate",
                "id": "238671c5-eeb3-4dtryeytrc8-a5a4-f39fda7de8990e",
                "modified_at": 2021-05-05T16:06:48.117Z,
                "text": "Ut mollitia in ipsum molestiae cum aut laboriosam quae. Et quas vero quia.",
              },
              Object {
                "category": 4,
                "created_at": 2021-02-25T11:03:40.034Z,
                "created_by": Object {
                  "id": "287cd92d-b224-4d73-9a3f-9b6fdfdc26bbbc0f",
                  "name": "Ryan Chase",
                },
                "headline": "eveniet ullam quod",
                "id": "238671c5-eeb3-4dcdsfddsg8-a5a4-f39fda7de8990e",
                "modified_at": 2021-05-06T05:15:47.325Z,
                "text": "Eligendi ut voluptatem qui dolorum sunt. Modi deserunt harum vel. Aspernatur excepturi repudiandae atque illo voluptas voluptate perferendis. Optio nemo tenetur aspernatur.",
              },
            ],
            "created_at": 2021-01-16T04:06:31.702Z,
            "id": "800f3047-0054-4146-affsb7a-e06bf86f0868",
            "modified_at": 2021-05-06T10:03:50.189Z,
            "name": "Team Name Pending Retrio Board",
            "owner_id": "287cd92d-b224-4d73-9a3f-9b6fdfdc26bbbc0f",
            "team_id": "0c36af8f-4b3b-4f7ee-9491-c3d6396f1136",
          },
          Object {
            "cards": Array [
              Object {
                "category": 1,
                "created_at": 2021-03-18T20:51:58.152Z,
                "created_by": Object {
                  "id": "287cd92d-b224-4d73-9a3f-9b6fdfdc26bbbc0f",
                  "name": "Ryan Chase",
                },
                "headline": "est molestias qui",
                "id": "238671c5-eeb3-4asdfafdc8-a5a4-f39fda7de8990e",
                "modified_at": 2021-05-06T13:14:45.413Z,
                "text": "Expedita animi qui vel maiores consequatur est. Officia nostrum accusantium rem magni atque. Autem nihil dolorem ea voluptatem molestiae.",
              },
              Object {
                "category": 1,
                "created_at": 2021-02-16T13:21:47.549Z,
                "created_by": Object {
                  "id": "238671c5-eeewrb3-4dc8-a5a4-f39fda7de8990e",
                  "name": "Kariane Powlowski",
                },
                "headline": "eum repellat non",
                "id": "238671c5-eeb3-4qqewqdc8-a5a4-f39fda7de8990e",
                "modified_at": 2021-05-06T04:26:58.125Z,
                "text": "Perspiciatis aspernatur tenetur suscipit. Aut dolorem minus quis magnam minus nihil labore ad perspiciatis. Minima molestias necessitatibus. Voluptates blanditiis occaecati dignissimos.",
              },
              Object {
                "category": 1,
                "created_at": 2020-08-01T07:27:16.815Z,
                "created_by": Object {
                  "id": "238671c5jur-eeb3-4dc8-a5a4-f39fda7de8990e",
                  "name": "Harvey Hammes",
                },
                "headline": "porro corporis nihil",
                "id": "238671c5-eeb3-4dc8-a5a4-f39rjrjfda7de8990e",
                "modified_at": 2021-05-05T15:17:39.132Z,
                "text": "Aut quaerat in ea sint libero officia est. Eum sit est dolore corrupti ut iure. Inventore qui eius expedita doloribus beatae et aliquam quam accusantium. Placeat ea voluptas totam rerum ut consectetur. Quidem pariatur quasi quidem.",
              },
              Object {
                "category": 1,
                "created_at": 2020-07-04T06:49:28.039Z,
                "created_by": Object {
                  "id": "238671c5-eeb3-4jurudc8-a5a4-f39fda7de8990e",
                  "name": "Camila Parisian",
                },
                "headline": "sint quis odit",
                "id": "238671c5-eebujrrju3-4dc8-a5a4-f39fda7de8990e",
                "modified_at": 2021-05-05T21:21:28.651Z,
                "text": "Facilis sed atque id dolorem. Voluptatem odit sapiente velit ad. Modi voluptatem aliquam consectetur provident quis. Ea iure et perferendis veritatis.",
              },
              Object {
                "category": 2,
                "created_at": 2020-08-23T02:17:12.847Z,
                "created_by": Object {
                  "id": "238671c5-eedasfab3-4dc8-a5a4-f39fda7de8990e",
                  "name": "Idell D'Amore",
                },
                "headline": "nihil beatae mollitia",
                "id": "238671c5-eeb3-4dc8-a5dafaa4-f39fda7de8990e",
                "modified_at": 2021-05-06T08:04:42.208Z,
                "text": "Placeat exercitationem delectus labore deleniti sint porro eos. Quibusdam voluptatem quia commodi numquam et et id. Voluptatem rerum velit optio repudiandae in. Non quae odio sit pariatur suscipit minus in impedit nihil. Unde qui et voluptas et.",
              },
              Object {
                "category": 2,
                "created_at": 2020-11-06T04:33:45.422Z,
                "created_by": Object {
                  "id": "238671c5-eeb3-4dytrc8-a5a4-f39fda7de8990e",
                  "name": "Jannie Rodriguez",
                },
                "headline": "temporibus molestiae quia",
                "id": "238671c5-eerwewetb3-4dc8-a5a4-f39fda7de8990e",
                "modified_at": 2021-05-05T20:28:00.517Z,
                "text": "Nesciunt sed itaque omnis autem excepturi pariatur. Beatae id aliquid fugiat exercitationem totam et tempora repudiandae ratione.",
              },
              Object {
                "category": 4,
                "created_at": 2020-07-21T01:32:34.410Z,
                "created_by": Object {
                  "id": "238671c5-eebytey3-4dc8-a5a4-f39fda7de8990e",
                  "name": "Elise Harris",
                },
                "headline": "enim voluptas voluptatem",
                "id": "238671c5-eeb3-4dtryeytrc8-a5a4-f39fda7de8990e",
                "modified_at": 2021-05-06T03:14:11.388Z,
                "text": "Officiis id vitae quisquam culpa autem. Aut id ipsum ad et error consequatur. Quo assumenda in voluptatibus molestiae in voluptatem. Maiores id consectetur. Facere et excepturi quisquam voluptas similique aspernatur odit qui.",
              },
              Object {
                "category": 4,
                "created_at": 2021-04-15T22:14:01.280Z,
                "created_by": Object {
                  "id": "287cd92d-b224-4d73-9a3f-9b6fdfdc26bbbc0f",
                  "name": "Ryan Chase",
                },
                "headline": "omnis recusandae et",
                "id": "238671c5-eeb3-4dcdsfddsg8-a5a4-f39fda7de8990e",
                "modified_at": 2021-05-06T06:34:34.764Z,
                "text": "Dolores ut rerum quia nihil voluptatem autem. Quod explicabo perspiciatis enim ipsum blanditiis.",
              },
            ],
            "created_at": 2020-09-26T01:48:53.296Z,
            "id": "800f3047-0054-4146-ab7a-e06bwewef86f0868",
            "modified_at": 2021-05-06T08:50:54.536Z,
            "name": "Someone Else Broke It Retrio Board",
            "owner_id": "287cd92d-b224-4d73-9a3f-9b6fdfdc26bbbc0f",
            "team_id": "238671c5-eeb3-4dc8-a5a4-f39fda7de8990e",
          },
          Object {
            "cards": Array [
              Object {
                "category": 1,
                "created_at": 2020-08-29T03:04:53.603Z,
                "created_by": Object {
                  "id": "287cd92d-b224-4d73-9a3f-9b6fdfdc26bbbc0f",
                  "name": "Ryan Chase",
                },
                "headline": "sit sed et",
                "id": "238671c5-eeb3-4asdfafdc8-a5a4-f39fda7de8990e",
                "modified_at": 2021-05-06T06:30:38.296Z,
                "text": "Sapiente ut maiores perferendis. Non nobis explicabo est adipisci ducimus rerum corrupti.",
              },
              Object {
                "category": 1,
                "created_at": 2020-07-01T14:30:01.231Z,
                "created_by": Object {
                  "id": "238671c5-eeewrb3-4dc8-a5a4-f39fda7de8990e",
                  "name": "Alec Tremblay",
                },
                "headline": "sapiente a qui",
                "id": "238671c5-eeb3-4qqewqdc8-a5a4-f39fda7de8990e",
                "modified_at": 2021-05-05T23:43:03.800Z,
                "text": "Asperiores minima fuga rerum explicabo numquam deleniti quia. Autem quia deleniti culpa in. Ut labore cumque expedita consequuntur amet error. Voluptas et ea quis nostrum rerum. Voluptates iusto at est doloribus repellat qui nobis.",
              },
              Object {
                "category": 1,
                "created_at": 2020-12-02T19:32:15.778Z,
                "created_by": Object {
                  "id": "238671c5jur-eeb3-4dc8-a5a4-f39fda7de8990e",
                  "name": "Miles Greenfelder",
                },
                "headline": "dolorem aliquam non",
                "id": "238671c5-eeb3-4dc8-a5a4-f39rjrjfda7de8990e",
                "modified_at": 2021-05-06T04:59:21.788Z,
                "text": "Consectetur illum minus et aliquid non in et reprehenderit quo. Quis consequatur cum quia eos. Aperiam eos cumque eligendi dolore nam ducimus dolores sit animi. Error quasi cumque dolore sed voluptatibus ratione repellendus sed.",
              },
              Object {
                "category": 1,
                "created_at": 2020-12-25T14:14:07.774Z,
                "created_by": Object {
                  "id": "238671c5-eeb3-4jurudc8-a5a4-f39fda7de8990e",
                  "name": "Dimitri Stoltenberg",
                },
                "headline": "dolorem vel quaerat",
                "id": "238671c5-eebujrrju3-4dc8-a5a4-f39fda7de8990e",
                "modified_at": 2021-05-06T14:29:08.839Z,
                "text": "A reprehenderit illo voluptas laborum totam voluptatem distinctio eum. Facilis magnam alias velit et quidem alias. Dolorem aut ut quia ut odit. Veniam et a unde id suscipit. Dolores est cupiditate.",
              },
              Object {
                "category": 2,
                "created_at": 2021-01-18T16:32:42.772Z,
                "created_by": Object {
                  "id": "238671c5-eedasfab3-4dc8-a5a4-f39fda7de8990e",
                  "name": "Matilda Johnson",
                },
                "headline": "deserunt neque inventore",
                "id": "238671c5-eeb3-4dc8-a5dafaa4-f39fda7de8990e",
                "modified_at": 2021-05-05T23:45:58.420Z,
                "text": "Sit impedit temporibus cum distinctio possimus veniam amet totam adipisci. Est voluptates mollitia. Vel quasi qui consequatur at magni laborum omnis impedit itaque.",
              },
              Object {
                "category": 2,
                "created_at": 2020-07-10T18:14:11.099Z,
                "created_by": Object {
                  "id": "238671c5-eeb3-4dytrc8-a5a4-f39fda7de8990e",
                  "name": "Steve Senger",
                },
                "headline": "laudantium tenetur ea",
                "id": "238671c5-eerwewetb3-4dc8-a5a4-f39fda7de8990e",
                "modified_at": 2021-05-06T02:43:59.021Z,
                "text": "Commodi iure voluptas veritatis ipsum voluptatem reprehenderit dicta. Eius quas modi et voluptatem. Et delectus quas et illo at eius et aspernatur qui. Vel nisi nihil incidunt quisquam velit.",
              },
              Object {
                "category": 4,
                "created_at": 2020-08-27T07:24:50.511Z,
                "created_by": Object {
                  "id": "238671c5-eebytey3-4dc8-a5a4-f39fda7de8990e",
                  "name": "Alysson Metz",
                },
                "headline": "dolorum nihil quis",
                "id": "238671c5-eeb3-4dtryeytrc8-a5a4-f39fda7de8990e",
                "modified_at": 2021-05-05T22:34:36.017Z,
                "text": "Cumque et libero alias. Id sint non quisquam omnis molestiae et et. Et odit voluptatem.",
              },
              Object {
                "category": 4,
                "created_at": 2020-07-27T03:02:08.074Z,
                "created_by": Object {
                  "id": "287cd92d-b224-4d73-9a3f-9b6fdfdc26bbbc0f",
                  "name": "Ryan Chase",
                },
                "headline": "blanditiis dolorem ad",
                "id": "238671c5-eeb3-4dcdsfddsg8-a5a4-f39fda7de8990e",
                "modified_at": 2021-05-05T21:46:15.722Z,
                "text": "Rerum nemo qui. Pariatur magnam veritatis in autem repellendus soluta. Quo quia dolor qui quia. Qui aut omnis et.",
              },
            ],
            "created_at": 2021-03-30T10:44:59.855Z,
            "id": "800f3056-0054-4146-7a-e0qw6bf86f0868",
            "modified_at": 2021-05-06T03:44:03.445Z,
            "name": "Deploy Happy Retrio Board",
            "owner_id": "0c36af8f-4b3j-47ee-9491-c3d6rt396f1136",
            "team_id": "238671c4-eeb3-4ffdc8-a5a4-f39a7de8990j",
          },
        ],
        "cardCategories": Object {
          "1": "What went well",
          "2": "What didn't go well",
          "3": "To try",
          "4": "Shout outs",
        },
        "deleteBoard": [Function],
        "deleteCard": [Function],
        "deleteTeam": [Function],
        "editBoard": [Function],
        "editCard": [Function],
        "editTeam": [Function],
        "loggedInUser": Object {
          "email": "ryan@chasery.com",
          "id": "287cd92d-b224-4d73-9a3f-9b6fdfdc26bbbc0f",
          "name": "Ryan Chase",
        },
        "removeTeamMember": [Function],
        "teams": Array [
          Object {
            "created_at": 2021-03-05T02:41:50.674Z,
            "id": "238671c5-eeb3-4dc8-a5a4-f39fda7de8990e",
            "members": Array [
              Object {
                "email": "ryan@chasery.com",
                "id": "287cd92d-b224-4d73-9a3f-9b6fdfdc26bbbc0f",
                "name": "Ryan Chase",
              },
              Object {
                "email": "Clifton_Schneider@gmail.com",
                "id": "238671c5-egffeb3-4dc8-a5a4-f39fda7de8990e",
                "name": "Tomasa Lind",
              },
              Object {
                "email": "Dusty.Prohaska84@yahoo.com",
                "id": "238671c5-easddseb3-4dc8-a5a4-f39fda7de8990e",
                "name": "Carolina Nitzsche",
              },
              Object {
                "email": "Makenna61@gmail.com",
                "id": "238671c5-eebdsafas3-4dc8-a5a4-f39fda7de8990e",
                "name": "Amy Johnston",
              },
              Object {
                "email": "Cloyd.Wolff98@hotmail.com",
                "id": "238671c5-eeb3-4dghghc8-a5a4-f39fda7de8990e",
                "name": "Alex Kub",
              },
              Object {
                "email": "Stuart54@gmail.com",
                "id": "238671c5-eeb3-4dc8fgdg-a5a4-f39fda7de8990e",
                "name": "Albina Braun",
              },
            ],
            "modified_at": 2021-05-05T23:32:34.008Z,
            "name": "Someone Else Broke It",
            "owner_id": "287cd92d-b224-4d73-9a3f-9b6fdfdc26bbbc0f",
          },
          Object {
            "created_at": 2021-02-25T10:05:49.453Z,
            "id": "0c36af8f-4b3b-4f7ee-9491-c3d6396f1136",
            "members": Array [
              Object {
                "email": "ryan@chasery.com",
                "id": "287cd92d-b224-4d73-9a3f-9b6fdfdc26bbbc0f",
                "name": "Ryan Chase",
              },
              Object {
                "email": "Triston56@hotmail.com",
                "id": "238asdfas671c5-eeb3-4dc8-a5a4-f39fda7de8990e",
                "name": "Reinhold Powlowski",
              },
              Object {
                "email": "Santino.Blick@yahoo.com",
                "id": "23867dasds1c5-eeb3-4dc8-a5a4-f39fda7de8990e",
                "name": "Nick Kertzmann",
              },
              Object {
                "email": "Angie_Schroeder69@gmail.com",
                "id": "238671c5-eeb3-4ddfsfsc8-a5a4-f39fda7de8990e",
                "name": "Ali Pfeffer",
              },
              Object {
                "email": "Selena.Rutherford87@gmail.com",
                "id": "238671c5-eeb3-4dcdsafad8-a5a4-f39fda7de8990e",
                "name": "Bailey Nicolas",
              },
              Object {
                "email": "Devan.Bartell83@hotmail.com",
                "id": "238671c5-eeb3-4dcdsaa8-a5a4-f39fda7de8990e",
                "name": "Ethyl Reilly",
              },
            ],
            "modified_at": 2021-05-05T23:37:06.773Z,
            "name": "Team Name Pending",
            "owner_id": "287cd92d-b224-4d73-9a3f-9b6fdfdc26bbbc0f",
          },
          Object {
            "created_at": 2021-04-19T22:00:48.429Z,
            "id": "238671c4-eeb3-4ffdc8-a5a4-f39a7de8990j",
            "members": Array [
              Object {
                "email": "Lacy.Cronin39@gmail.com",
                "id": "238671c4-eeb3-4dc8-a5addsaadsaa4-f39a7de",
                "name": "Else Thiel",
              },
              Object {
                "email": "ryan@chasery.com",
                "id": "287cd92d-b224-4d73-9a3f-9b6fdfdc26bbbc0f",
                "name": "Ryan Chase",
              },
              Object {
                "email": "Letha_Considine24@yahoo.com",
                "id": "238671c5-eeewqrqqb3-4dc8-a5a4-f39fda7de8990e",
                "name": "Burnice Gleichner",
              },
              Object {
                "email": "Ransom80@hotmail.com",
                "id": "238671c5-eeb3-4dfewqc8-a5a4-f39fda7de8990e",
                "name": "Jewel Smitham",
              },
              Object {
                "email": "Ursula_VonRueden60@gmail.com",
                "id": "238671c5-eeb3-4dcytrj8-a5a4-f39fda7de8990e",
                "name": "Jennie Williamson",
              },
              Object {
                "email": "Connie.Wisozk26@yahoo.com",
                "id": "238671c5-eeb3-4dgtrgec8-a5a4-f39fda7de8990e",
                "name": "Barney Funk",
              },
            ],
            "modified_at": 2021-05-06T10:08:49.431Z,
            "name": "Deploy Happy",
            "owner_id": "238671c4-eeb3-4dc8-a5a4-f39a7de",
          },
        ],
        "throwAway": [Function],
      }
    }
  >
    <Switch>
      <PublicOnlyRoute
        component={[Function]}
        exact={true}
        path="/"
      />
      <PublicOnlyRoute
        component={[Function]}
        exact={true}
        path="/sign-in"
      />
      <PublicOnlyRoute
        component={[Function]}
        exact={true}
        path="/sign-up"
      />
      <PrivateRoute
        component={[Function]}
        exact={true}
        path="/boards"
      />
      <PrivateRoute
        component={[Function]}
        path="/boards/add-board"
      />
      <PrivateRoute
        component={[Function]}
        exact={true}
        path="/boards/:boardId"
      />
      <PrivateRoute
        component={[Function]}
        exact={true}
        path="/boards/:boardId/edit-board"
      />
      <PrivateRoute
        component={[Function]}
        path="/boards/:boardId/add-card"
      />
      <PrivateRoute
        component={[Function]}
        path="/boards/:boardId/card/:cardId"
      />
      <PrivateRoute
        component={[Function]}
        exact={true}
        path="/teams"
      />
      <PrivateRoute
        component={[Function]}
        path="/teams/add-team"
      />
      <PrivateRoute
        component={[Function]}
        exact={true}
        path="/teams/:teamId"
      />
      <PrivateRoute
        component={[Function]}
        path="/teams/:teamId/edit-team"
      />
      <PrivateRoute
        component={[Function]}
        path="/teams/:teamId/add-team-member"
      />
    </Switch>
  </ContextProvider>
</Fragment>
`;
