// Jest Snapshot v1, https://goo.gl/fbAQLP

exports[`Teams component renders without error 1`] = `
<Fragment>
  <Header />
  <main
    role="main"
  >
    <section
      className="Teams"
    >
      <div
        className="Teams__wrapper"
      >
        <div
          className="Teams__header"
        >
          <h2>
            My Teams
          </h2>
          <Link
            to="/teams/add"
          >
            Add Team
          </Link>
        </div>
        <TeamsList
          teams={Array []}
        />
      </div>
    </section>
  </main>
</Fragment>
`;
