// Jest Snapshot v1, https://goo.gl/fbAQLP

exports[`TeamsItem component renders without error 1`] = `
<li
  className="TeamsItem"
>
  <div
    className="TeamsItem__info"
  >
    <h3
      className="TeamsItem__name"
    />
    <div
      className="TeamsItem__role"
    >
      Contributor
    </div>
  </div>
  <ul
    className="TeamsItem__controls"
  >
    <li>
      <Link
        className="TeamsItem__button primary"
        to="/teams/undefined"
      >
        Manage
      </Link>
    </li>
  </ul>
</li>
`;
