// Jest Snapshot v1, https://goo.gl/fbAQLP

exports[`BoardsItem component renders without error 1`] = `
<li
  className="BoardsItem"
>
  <Link
    to="/boards/undefined"
  >
    <div
      className="BoardsItem__name"
    >
      <h3 />
    </div>
    <p
      className="BoardsItem__date"
    >
      Created 
    </p>
    <BoardsItemThumb />
  </Link>
</li>
`;
