// Jest Snapshot v1, https://goo.gl/fbAQLP

exports[`BoardsItem component renders without error 1`] = `
<li
  className="BoardsItem"
>
  <div
    className="BoardsItem__header"
  >
    <Link
      className="BoardsItem__headerInfo"
      to="/boards/undefined"
    >
      <h3
        className="BoardsItem__name"
      />
      <p
        className="BoardsItem__date"
      >
        Created 
        Invalid Date
      </p>
    </Link>
  </div>
  <Link
    to="/boards/undefined"
  >
    <BoardsItemThumb />
  </Link>
</li>
`;
